{
    "entities": [
        {
            "bounds": [
                [
                    -55.0,
                    -55.0,
                    0.0
                ],
                [
                    -55.0,
                    -55.0,
                    0.0
                ],
                [
                    -55.0,
                    55.0,
                    0.0
                ],
                [
                    -55.0,
                    55.0,
                    0.0
                ],
                [
                    55.0,
                    -55.0,
                    0.0
                ],
                [
                    55.0,
                    -55.0,
                    0.0
                ],
                [
                    55.0,
                    55.0,
                    0.0
                ],
                [
                    55.0,
                    55.0,
                    0.0
                ]
            ],
            "is_mesh": true,
            "matrix": [
                1.0,
                0.0,
                0.0,
                0.0,
                0.0,
                0.0,
                1.0,
                0.0,
                0.0,
                -1.0,
                0.0,
                0.0,
                0.0,
                0.0,
                0.0,
                1.0
            ],
            "name": "Plane"
        }
    ]
}